<?xml version="1.0"?>
<link_info>
   <banner>TI ARM Linker PC v5.1.8</banner>
   <copyright>Copyright (c) 1996-2014 Texas Instruments Incorporated</copyright>
   <link_time>0x545aa814</link_time>
   <link_errors>0x0</link_errors>
   <output_file>PRU_Demo.out</output_file>
   <entry_point>
      <name>Entry</name>
      <address>0x80000000</address>
   </entry_point>
   <input_file_list>
      <input_file id="fl-2">
         <path>.\</path>
         <kind>object</kind>
         <file>pru_cape_demo.obj</file>
         <name>pru_cape_demo.obj</name>
      </input_file>
      <input_file id="fl-3">
         <path>.\</path>
         <kind>object</kind>
         <file>pru.obj</file>
         <name>pru.obj</name>
      </input_file>
      <input_file id="fl-4">
         <path>T:\workdir\pru\pru_cape\pru_fw\PRU_Switch\Debug\</path>
         <kind>object</kind>
         <file>PRU_Switch_image.obj</file>
         <name>PRU_Switch_image.obj</name>
      </input_file>
      <input_file id="fl-5">
         <path>T:\workdir\pru\pru_cape\pru_fw\PRU_LED1\Debug\</path>
         <kind>object</kind>
         <file>PRU_LED1_image.obj</file>
         <name>PRU_LED1_image.obj</name>
      </input_file>
      <input_file id="fl-6">
         <path>T:\workdir\pru\pru_cape\pru_fw\PRU_LED0\Debug\</path>
         <kind>object</kind>
         <file>PRU_LED0_image.obj</file>
         <name>PRU_LED0_image.obj</name>
      </input_file>
      <input_file id="fl-7">
         <path>T:\workdir\pru\pru_cape\pru_fw\PRU_Hardware_UART\Debug\</path>
         <kind>object</kind>
         <file>PRU_Hardware_UART_image.obj</file>
         <name>PRU_Hardware_UART_image.obj</name>
      </input_file>
      <input_file id="fl-8">
         <path>T:\workdir\pru\pru_cape\pru_fw\PRU_Audio\Debug\</path>
         <kind>object</kind>
         <file>PRU_Audio_image.obj</file>
         <name>PRU_Audio_image.obj</name>
      </input_file>
      <input_file id="fl-10">
         <path>c:\ti\ccsv6\tools\compiler\arm_5.1.8\lib\</path>
         <kind>archive</kind>
         <file>rtsv7A8_A_le_eabi.lib</file>
         <name>copy_decompress_none.obj</name>
      </input_file>
      <input_file id="fl-11">
         <path>c:\ti\ccsv6\tools\compiler\arm_5.1.8\lib\</path>
         <kind>archive</kind>
         <file>rtsv7A8_A_le_eabi.lib</file>
         <name>copy_decompress_rle.obj</name>
      </input_file>
      <input_file id="fl-12">
         <path>c:\ti\ccsv6\tools\compiler\arm_5.1.8\lib\</path>
         <kind>archive</kind>
         <file>rtsv7A8_A_le_eabi.lib</file>
         <name>copy_zero_init.obj</name>
      </input_file>
      <input_file id="fl-13">
         <path>c:\ti\ccsv6\tools\compiler\arm_5.1.8\lib\</path>
         <kind>archive</kind>
         <file>rtsv7A8_A_le_eabi.lib</file>
         <name>memcpy32.obj</name>
      </input_file>
      <input_file id="fl-14">
         <path>C:\TI\AM335X_StarterWare_02_00_01_01\binary\armv7a\cgt_ccs\utils\Release\</path>
         <kind>archive</kind>
         <file>utils.lib</file>
         <name>consoleUtils.obj</name>
      </input_file>
      <input_file id="fl-15">
         <path>C:\TI\AM335X_StarterWare_02_00_01_01\binary\armv7a\cgt_ccs\utils\Release\</path>
         <kind>archive</kind>
         <file>utils.lib</file>
         <name>uartStdio.obj</name>
      </input_file>
      <input_file id="fl-16">
         <path>C:\TI\AM335X_StarterWare_02_00_01_01\binary\armv7a\cgt_ccs\utils\Release\</path>
         <kind>archive</kind>
         <file>utils.lib</file>
         <name>ascii.obj</name>
      </input_file>
      <input_file id="fl-17">
         <path>C:\TI\AM335X_StarterWare_02_00_01_01\binary\armv7a\cgt_ccs\am335x\beaglebone\platform\Release\</path>
         <kind>archive</kind>
         <file>platform.lib</file>
         <name>uartConsole.obj</name>
      </input_file>
      <input_file id="fl-18">
         <path>C:\TI\AM335X_StarterWare_02_00_01_01\binary\armv7a\cgt_ccs\am335x\beaglebone\platform\Release\</path>
         <kind>archive</kind>
         <file>platform.lib</file>
         <name>uart.obj</name>
      </input_file>
      <input_file id="fl-19">
         <path>C:\TI\AM335X_StarterWare_02_00_01_01\binary\armv7a\cgt_ccs\am335x\system_config\Release\</path>
         <kind>archive</kind>
         <file>system.lib</file>
         <name>init.obj</name>
      </input_file>
      <input_file id="fl-1a">
         <path>C:\TI\AM335X_StarterWare_02_00_01_01\binary\armv7a\cgt_ccs\am335x\system_config\Release\</path>
         <kind>archive</kind>
         <file>system.lib</file>
         <name>startup.obj</name>
      </input_file>
      <input_file id="fl-1b">
         <path>C:\TI\AM335X_StarterWare_02_00_01_01\binary\armv7a\cgt_ccs\am335x\system_config\Release\</path>
         <kind>archive</kind>
         <file>system.lib</file>
         <name>exceptionhandler.obj</name>
      </input_file>
      <input_file id="fl-1c">
         <path>C:\TI\AM335X_StarterWare_02_00_01_01\binary\armv7a\cgt_ccs\am335x\system_config\Release\</path>
         <kind>archive</kind>
         <file>system.lib</file>
         <name>cpu.obj</name>
      </input_file>
      <input_file id="fl-1d">
         <path>C:\TI\AM335X_StarterWare_02_00_01_01\binary\armv7a\cgt_ccs\am335x\system_config\Release\</path>
         <kind>archive</kind>
         <file>system.lib</file>
         <name>cp15.obj</name>
      </input_file>
      <input_file id="fl-1e">
         <path>C:\TI\AM335X_StarterWare_02_00_01_01\binary\armv7a\cgt_ccs\am335x\system_config\Release\</path>
         <kind>archive</kind>
         <file>system.lib</file>
         <name>interrupt.obj</name>
      </input_file>
      <input_file id="fl-1f">
         <path>c:\ti\ccsv6\tools\compiler\arm_5.1.8\lib\</path>
         <kind>archive</kind>
         <file>rtsv7A8_A_le_eabi.lib</file>
         <name>auto_init.obj</name>
      </input_file>
      <input_file id="fl-20">
         <path>c:\ti\ccsv6\tools\compiler\arm_5.1.8\lib\</path>
         <kind>archive</kind>
         <file>rtsv7A8_A_le_eabi.lib</file>
         <name>boot.obj</name>
      </input_file>
      <input_file id="fl-21">
         <path>c:\ti\ccsv6\tools\compiler\arm_5.1.8\lib\</path>
         <kind>archive</kind>
         <file>rtsv7A8_A_le_eabi.lib</file>
         <name>cpy_tbl.obj</name>
      </input_file>
      <input_file id="fl-22">
         <path>c:\ti\ccsv6\tools\compiler\arm_5.1.8\lib\</path>
         <kind>archive</kind>
         <file>rtsv7A8_A_le_eabi.lib</file>
         <name>exit.obj</name>
      </input_file>
      <input_file id="fl-23">
         <path>c:\ti\ccsv6\tools\compiler\arm_5.1.8\lib\</path>
         <kind>archive</kind>
         <file>rtsv7A8_A_le_eabi.lib</file>
         <name>memset32.obj</name>
      </input_file>
      <input_file id="fl-24">
         <path>c:\ti\ccsv6\tools\compiler\arm_5.1.8\lib\</path>
         <kind>archive</kind>
         <file>rtsv7A8_A_le_eabi.lib</file>
         <name>stkdepth_vars.obj</name>
      </input_file>
      <input_file id="fl-25">
         <path>c:\ti\ccsv6\tools\compiler\arm_5.1.8\lib\</path>
         <kind>archive</kind>
         <file>rtsv7A8_A_le_eabi.lib</file>
         <name>u_div32.obj</name>
      </input_file>
      <input_file id="fl-26">
         <path>c:\ti\ccsv6\tools\compiler\arm_5.1.8\lib\</path>
         <kind>archive</kind>
         <file>rtsv7A8_A_le_eabi.lib</file>
         <name>_lock.obj</name>
      </input_file>
      <input_file id="fl-27">
         <path>c:\ti\ccsv6\tools\compiler\arm_5.1.8\lib\</path>
         <kind>archive</kind>
         <file>rtsv7A8_A_le_eabi.lib</file>
         <name>args_main.obj</name>
      </input_file>
      <input_file id="fl-28">
         <path>C:\TI\AM335X_StarterWare_02_00_01_01\binary\armv7a\cgt_ccs\am335x\drivers\Release\</path>
         <kind>archive</kind>
         <file>drivers.lib</file>
         <name>uart_irda_cir.obj</name>
      </input_file>
   </input_file_list>
   <object_component_list>
      <object_component id="oc-22">
         <name>.text:Entry</name>
         <load_address>0x80000000</load_address>
         <run_address>0x80000000</run_address>
         <size>0xc8</size>
         <input_file_ref idref="fl-19"/>
      </object_component>
      <object_component id="oc-1d3">
         <name>.tramp.__TI_auto_init.1</name>
         <load_address>0x800000c8</load_address>
         <run_address>0x800000c8</run_address>
         <size>0xc</size>
         <input_file_ref idref="fl-1f"/>
      </object_component>
      <object_component id="oc-4f">
         <name>.text</name>
         <load_address>0x800000d4</load_address>
         <run_address>0x800000d4</run_address>
         <size>0x0</size>
         <input_file_ref idref="fl-10"/>
      </object_component>
      <object_component id="oc-5c">
         <name>.text</name>
         <load_address>0x800000d4</load_address>
         <run_address>0x800000d4</run_address>
         <size>0x0</size>
         <input_file_ref idref="fl-12"/>
      </object_component>
      <object_component id="oc-6b">
         <name>.text</name>
         <load_address>0x800000d4</load_address>
         <run_address>0x800000d4</run_address>
         <size>0xf2c</size>
         <input_file_ref idref="fl-15"/>
      </object_component>
      <object_component id="oc-87">
         <name>.text</name>
         <load_address>0x800000d4</load_address>
         <run_address>0x800000d4</run_address>
         <size>0x0</size>
         <input_file_ref idref="fl-19"/>
      </object_component>
      <object_component id="oc-ce">
         <name>.text</name>
         <load_address>0x800000d4</load_address>
         <run_address>0x800000d4</run_address>
         <size>0x0</size>
         <input_file_ref idref="fl-24"/>
      </object_component>
      <object_component id="oc-e6">
         <name>.text</name>
         <load_address>0x80001000</load_address>
         <run_address>0x80001000</run_address>
         <size>0xe8c</size>
         <input_file_ref idref="fl-28"/>
      </object_component>
      <object_component id="oc-39">
         <name>.text</name>
         <load_address>0x80001e8c</load_address>
         <run_address>0x80001e8c</run_address>
         <size>0xa50</size>
         <input_file_ref idref="fl-2"/>
      </object_component>
      <object_component id="oc-a0">
         <name>.text</name>
         <load_address>0x800028dc</load_address>
         <run_address>0x800028dc</run_address>
         <size>0x488</size>
         <input_file_ref idref="fl-1d"/>
      </object_component>
      <object_component id="oc-75">
         <name>.text</name>
         <load_address>0x80002d64</load_address>
         <run_address>0x80002d64</run_address>
         <size>0x290</size>
         <input_file_ref idref="fl-16"/>
      </object_component>
      <object_component id="oc-a5">
         <name>.text</name>
         <load_address>0x80002ff4</load_address>
         <run_address>0x80002ff4</run_address>
         <size>0x278</size>
         <input_file_ref idref="fl-1e"/>
      </object_component>
      <object_component id="oc-81">
         <name>.text</name>
         <load_address>0x8000326c</load_address>
         <run_address>0x8000326c</run_address>
         <size>0x1c4</size>
         <input_file_ref idref="fl-18"/>
      </object_component>
      <object_component id="oc-62">
         <name>.text</name>
         <load_address>0x80003430</load_address>
         <run_address>0x80003430</run_address>
         <size>0x1c4</size>
         <input_file_ref idref="fl-14"/>
      </object_component>
      <object_component id="oc-5d">
         <name>.text</name>
         <load_address>0x800035f4</load_address>
         <run_address>0x800035f4</run_address>
         <size>0x180</size>
         <input_file_ref idref="fl-13"/>
      </object_component>
      <object_component id="oc-3f">
         <name>.text</name>
         <load_address>0x80003774</load_address>
         <run_address>0x80003774</run_address>
         <size>0x15c</size>
         <input_file_ref idref="fl-3"/>
      </object_component>
      <object_component id="oc-7b">
         <name>.text</name>
         <load_address>0x800038d0</load_address>
         <run_address>0x800038d0</run_address>
         <size>0x10c</size>
         <input_file_ref idref="fl-17"/>
      </object_component>
      <object_component id="oc-94">
         <name>.text</name>
         <load_address>0x800039dc</load_address>
         <run_address>0x800039dc</run_address>
         <size>0x10c</size>
         <input_file_ref idref="fl-1b"/>
      </object_component>
      <object_component id="oc-d2">
         <name>.text</name>
         <load_address>0x80003ae8</load_address>
         <run_address>0x80003ae8</run_address>
         <size>0xf4</size>
         <input_file_ref idref="fl-25"/>
      </object_component>
      <object_component id="oc-ae">
         <name>.text</name>
         <load_address>0x80003bdc</load_address>
         <run_address>0x80003bdc</run_address>
         <size>0xd4</size>
         <input_file_ref idref="fl-1f"/>
      </object_component>
      <object_component id="oc-c9">
         <name>.text</name>
         <load_address>0x80003cb0</load_address>
         <run_address>0x80003cb0</run_address>
         <size>0xb0</size>
         <input_file_ref idref="fl-23"/>
      </object_component>
      <object_component id="oc-50">
         <name>.text</name>
         <load_address>0x80003d60</load_address>
         <run_address>0x80003d60</run_address>
         <size>0x98</size>
         <input_file_ref idref="fl-11"/>
      </object_component>
      <object_component id="oc-ba">
         <name>.text</name>
         <load_address>0x80003df8</load_address>
         <run_address>0x80003df8</run_address>
         <size>0x80</size>
         <input_file_ref idref="fl-21"/>
      </object_component>
      <object_component id="oc-c0">
         <name>.text</name>
         <load_address>0x80003e78</load_address>
         <run_address>0x80003e78</run_address>
         <size>0x78</size>
         <input_file_ref idref="fl-22"/>
      </object_component>
      <object_component id="oc-99">
         <name>.text</name>
         <load_address>0x80003ef0</load_address>
         <run_address>0x80003ef0</run_address>
         <size>0x60</size>
         <input_file_ref idref="fl-1c"/>
      </object_component>
      <object_component id="oc-b3">
         <name>.text</name>
         <load_address>0x80003f50</load_address>
         <run_address>0x80003f50</run_address>
         <size>0x48</size>
         <input_file_ref idref="fl-20"/>
      </object_component>
      <object_component id="oc-88">
         <name>.text</name>
         <load_address>0x80003f98</load_address>
         <run_address>0x80003f98</run_address>
         <size>0x44</size>
         <input_file_ref idref="fl-1a"/>
      </object_component>
      <object_component id="oc-d7">
         <name>.text</name>
         <load_address>0x80003fdc</load_address>
         <run_address>0x80003fdc</run_address>
         <size>0x24</size>
         <input_file_ref idref="fl-26"/>
      </object_component>
      <object_component id="oc-2d">
         <name>.text:decompress:ZI</name>
         <load_address>0x80004000</load_address>
         <run_address>0x80004000</run_address>
         <size>0x20</size>
         <input_file_ref idref="fl-12"/>
      </object_component>
      <object_component id="oc-e0">
         <name>.text</name>
         <load_address>0x80004020</load_address>
         <run_address>0x80004020</run_address>
         <size>0x20</size>
         <input_file_ref idref="fl-27"/>
      </object_component>
      <object_component id="oc-27">
         <name>.text:decompress:none</name>
         <load_address>0x80004040</load_address>
         <run_address>0x80004040</run_address>
         <size>0x14</size>
         <input_file_ref idref="fl-10"/>
      </object_component>
      <object_component id="oc-9f">
         <name>.text:CPUIntStatus</name>
         <load_address>0x80004054</load_address>
         <run_address>0x80004054</run_address>
         <size>0xc</size>
         <input_file_ref idref="fl-1c"/>
      </object_component>
      <object_component id="oc-33">
         <name>.text:decompress:rle24</name>
         <load_address>0x80004060</load_address>
         <run_address>0x80004060</run_address>
         <size>0x8</size>
         <input_file_ref idref="fl-11"/>
      </object_component>
      <object_component id="oc-56">
         <name>.text:decompress:rle</name>
         <load_address>0x80004068</load_address>
         <run_address>0x80004068</run_address>
         <size>0x8</size>
         <input_file_ref idref="fl-11"/>
      </object_component>
      <object_component id="oc-b9">
         <name>.data</name>
         <load_address>0x8000b2d8</load_address>
         <run_address>0x8000b2d8</run_address>
         <size>0x4</size>
         <input_file_ref idref="fl-20"/>
      </object_component>
      <object_component id="oc-c6">
         <name>.data</name>
         <load_address>0x8000b2d0</load_address>
         <run_address>0x8000b2d0</run_address>
         <size>0x8</size>
         <input_file_ref idref="fl-22"/>
      </object_component>
      <object_component id="oc-cf">
         <name>.data</name>
         <load_address>0x8000b2dc</load_address>
         <run_address>0x8000b2dc</run_address>
         <size>0x4</size>
         <input_file_ref idref="fl-24"/>
      </object_component>
      <object_component id="oc-dd">
         <name>.data</name>
         <load_address>0x8000b2c8</load_address>
         <run_address>0x8000b2c8</run_address>
         <size>0x8</size>
         <input_file_ref idref="fl-26"/>
      </object_component>
      <object_component id="oc-68">
         <name>.bss</name>
         <uninitialized>true</uninitialized>
         <run_address>0x8000b270</run_address>
         <size>0x1</size>
         <input_file_ref idref="fl-14"/>
      </object_component>
      <object_component id="oc-ab">
         <name>.bss:fnRAMVectors</name>
         <uninitialized>true</uninitialized>
         <run_address>0x8000b070</run_address>
         <size>0x200</size>
         <input_file_ref idref="fl-1e"/>
      </object_component>
      <object_component id="oc-91">
         <name>.const:vecTbl</name>
         <load_address>0x8000b274</load_address>
         <run_address>0x8000b274</run_address>
         <size>0x38</size>
         <input_file_ref idref="fl-1a"/>
      </object_component>
      <object_component id="oc-74">
         <name>.const:.string</name>
         <load_address>0x8000b2ac</load_address>
         <run_address>0x8000b2ac</run_address>
         <size>0x14</size>
         <input_file_ref idref="fl-15"/>
      </object_component>
      <object_component id="oc-8e">
         <name>.const</name>
         <load_address>0x8000b2c0</load_address>
         <run_address>0x8000b2c0</run_address>
         <size>0x4</size>
         <input_file_ref idref="fl-1a"/>
      </object_component>
      <object_component id="oc-71">
         <name>.const</name>
         <load_address>0x8000b2c4</load_address>
         <run_address>0x8000b2c4</run_address>
         <size>0x4</size>
         <input_file_ref idref="fl-15"/>
      </object_component>
      <object_component id="oc-1ce">
         <name>.cinit.AUDIO_text.load</name>
         <load_address>0x8000b2e0</load_address>
         <run_address>0x8000b2e0</run_address>
         <size>0x483</size>
      </object_component>
      <object_component id="oc-1d0">
         <name>.cinit.HW_UART_text.load</name>
         <load_address>0x8000b768</load_address>
         <run_address>0x8000b768</run_address>
         <size>0x243</size>
      </object_component>
      <object_component id="oc-1cf">
         <name>.cinit.AUDIO_data.load</name>
         <load_address>0x8000b9b0</load_address>
         <run_address>0x8000b9b0</run_address>
         <size>0x103</size>
      </object_component>
      <object_component id="oc-1cc">
         <name>.cinit.SW_text.load</name>
         <load_address>0x8000bab8</load_address>
         <run_address>0x8000bab8</run_address>
         <size>0x77</size>
      </object_component>
      <object_component id="oc-1c8">
         <name>.cinit.LED0_text.load</name>
         <load_address>0x8000bb30</load_address>
         <run_address>0x8000bb30</run_address>
         <size>0x6f</size>
      </object_component>
      <object_component id="oc-1ca">
         <name>.cinit.LED1_text.load</name>
         <load_address>0x8000bba0</load_address>
         <run_address>0x8000bba0</run_address>
         <size>0x6f</size>
      </object_component>
      <object_component id="oc-1d1">
         <name>.cinit.HW_UART_data.load</name>
         <load_address>0x8000bc10</load_address>
         <run_address>0x8000bc10</run_address>
         <size>0x62</size>
      </object_component>
      <object_component id="oc-1c6">
         <name>.cinit..data.load</name>
         <load_address>0x8000bc78</load_address>
         <run_address>0x8000bc78</run_address>
         <size>0x11</size>
      </object_component>
      <object_component id="oc-1c4">
         <name>__TI_handler_table</name>
         <load_address>0x8000bc8c</load_address>
         <run_address>0x8000bc8c</run_address>
         <size>0xc</size>
      </object_component>
      <object_component id="oc-1c7">
         <name>.cinit..bss.load</name>
         <load_address>0x8000bc98</load_address>
         <run_address>0x8000bc98</run_address>
         <size>0x8</size>
      </object_component>
      <object_component id="oc-1c9">
         <name>.cinit.LED0_data.load</name>
         <load_address>0x8000bca0</load_address>
         <run_address>0x8000bca0</run_address>
         <size>0x8</size>
      </object_component>
      <object_component id="oc-1cb">
         <name>.cinit.LED1_data.load</name>
         <load_address>0x8000bca8</load_address>
         <run_address>0x8000bca8</run_address>
         <size>0x8</size>
      </object_component>
      <object_component id="oc-1cd">
         <name>.cinit.SW_data.load</name>
         <load_address>0x8000bcb0</load_address>
         <run_address>0x8000bcb0</run_address>
         <size>0x8</size>
      </object_component>
      <object_component id="oc-1c5">
         <name>__TI_cinit_table</name>
         <load_address>0x8000bcb8</load_address>
         <run_address>0x8000bcb8</run_address>
         <size>0x60</size>
      </object_component>
      <object_component id="oc-b8">
         <name>.stack</name>
         <uninitialized>true</uninitialized>
         <run_address>0x87fff000</run_address>
         <size>0x0</size>
         <input_file_ref idref="fl-20"/>
      </object_component>
      <object_component id="oc-1d2">
         <name>.stack</name>
         <uninitialized>true</uninitialized>
         <run_address>0x87fff000</run_address>
         <size>0x0</size>
      </object_component>
      <object_component id="oc-49">
         <name>.text</name>
         <load_address>0x80008070</load_address>
         <run_address>0x80008070</run_address>
         <size>0x1000</size>
         <input_file_ref idref="fl-6"/>
      </object_component>
      <object_component id="oc-4a">
         <name>.data</name>
         <uninitialized>true</uninitialized>
         <run_address>0x80000000</run_address>
         <size>0x0</size>
         <input_file_ref idref="fl-6"/>
      </object_component>
      <object_component id="oc-47">
         <name>.text</name>
         <load_address>0x80009070</load_address>
         <run_address>0x80009070</run_address>
         <size>0x1000</size>
         <input_file_ref idref="fl-5"/>
      </object_component>
      <object_component id="oc-48">
         <name>.data</name>
         <uninitialized>true</uninitialized>
         <run_address>0x80000000</run_address>
         <size>0x0</size>
         <input_file_ref idref="fl-5"/>
      </object_component>
      <object_component id="oc-45">
         <name>.text</name>
         <load_address>0x8000a070</load_address>
         <run_address>0x8000a070</run_address>
         <size>0x1000</size>
         <input_file_ref idref="fl-4"/>
      </object_component>
      <object_component id="oc-46">
         <name>.data</name>
         <uninitialized>true</uninitialized>
         <run_address>0x80000000</run_address>
         <size>0x0</size>
         <input_file_ref idref="fl-4"/>
      </object_component>
      <object_component id="oc-4d">
         <name>.text</name>
         <load_address>0x80005070</load_address>
         <run_address>0x80005070</run_address>
         <size>0x1000</size>
         <input_file_ref idref="fl-8"/>
      </object_component>
      <object_component id="oc-4e">
         <name>.data</name>
         <load_address>0x80004070</load_address>
         <run_address>0x80004070</run_address>
         <size>0x1000</size>
         <input_file_ref idref="fl-8"/>
      </object_component>
      <object_component id="oc-4b">
         <name>.text</name>
         <load_address>0x80007070</load_address>
         <run_address>0x80007070</run_address>
         <size>0x1000</size>
         <input_file_ref idref="fl-7"/>
      </object_component>
      <object_component id="oc-4c">
         <name>.data</name>
         <load_address>0x80006070</load_address>
         <run_address>0x80006070</run_address>
         <size>0x1000</size>
         <input_file_ref idref="fl-7"/>
      </object_component>
      <object_component id="oc-23">
         <name>.debug_info</name>
         <load_address>0x0</load_address>
         <run_address>0x0</run_address>
         <size>0x127</size>
         <input_file_ref idref="fl-19"/>
      </object_component>
      <object_component id="oc-28">
         <name>.debug_info</name>
         <load_address>0x127</load_address>
         <run_address>0x127</run_address>
         <size>0x1ac</size>
         <input_file_ref idref="fl-10"/>
      </object_component>
      <object_component id="oc-2e">
         <name>.debug_info</name>
         <load_address>0x2d3</load_address>
         <run_address>0x2d3</run_address>
         <size>0x182</size>
         <input_file_ref idref="fl-12"/>
      </object_component>
      <object_component id="oc-34">
         <name>.debug_info</name>
         <load_address>0x455</load_address>
         <run_address>0x455</run_address>
         <size>0x1a6</size>
         <input_file_ref idref="fl-11"/>
      </object_component>
      <object_component id="oc-3a">
         <name>.debug_info</name>
         <load_address>0x5fb</load_address>
         <run_address>0x5fb</run_address>
         <size>0xb6a</size>
         <input_file_ref idref="fl-2"/>
      </object_component>
      <object_component id="oc-40">
         <name>.debug_info</name>
         <load_address>0x1165</load_address>
         <run_address>0x1165</run_address>
         <size>0x4d3</size>
         <input_file_ref idref="fl-3"/>
      </object_component>
      <object_component id="oc-51">
         <name>.debug_info</name>
         <load_address>0x1638</load_address>
         <run_address>0x1638</run_address>
         <size>0x207</size>
         <input_file_ref idref="fl-11"/>
      </object_component>
      <object_component id="oc-58">
         <name>.debug_info</name>
         <load_address>0x183f</load_address>
         <run_address>0x183f</run_address>
         <size>0x1a2</size>
         <input_file_ref idref="fl-11"/>
      </object_component>
      <object_component id="oc-5e">
         <name>.debug_info</name>
         <load_address>0x19e1</load_address>
         <run_address>0x19e1</run_address>
         <size>0x14f</size>
         <input_file_ref idref="fl-13"/>
      </object_component>
      <object_component id="oc-65">
         <name>.debug_info</name>
         <load_address>0x1b30</load_address>
         <run_address>0x1b30</run_address>
         <size>0x656</size>
         <input_file_ref idref="fl-14"/>
      </object_component>
      <object_component id="oc-69">
         <name>.debug_info</name>
         <load_address>0x2186</load_address>
         <run_address>0x2186</run_address>
         <size>0xd0</size>
         <input_file_ref idref="fl-14"/>
      </object_component>
      <object_component id="oc-6c">
         <name>.debug_info</name>
         <load_address>0x2256</load_address>
         <run_address>0x2256</run_address>
         <size>0x2652</size>
         <input_file_ref idref="fl-15"/>
      </object_component>
      <object_component id="oc-72">
         <name>.debug_info</name>
         <load_address>0x48a8</load_address>
         <run_address>0x48a8</run_address>
         <size>0xc5</size>
         <input_file_ref idref="fl-15"/>
      </object_component>
      <object_component id="oc-77">
         <name>.debug_info</name>
         <load_address>0x496d</load_address>
         <run_address>0x496d</run_address>
         <size>0x871</size>
         <input_file_ref idref="fl-16"/>
      </object_component>
      <object_component id="oc-7d">
         <name>.debug_info</name>
         <load_address>0x51de</load_address>
         <run_address>0x51de</run_address>
         <size>0x6f8</size>
         <input_file_ref idref="fl-17"/>
      </object_component>
      <object_component id="oc-82">
         <name>.debug_info</name>
         <load_address>0x58d6</load_address>
         <run_address>0x58d6</run_address>
         <size>0xa76</size>
         <input_file_ref idref="fl-18"/>
      </object_component>
      <object_component id="oc-89">
         <name>.debug_info</name>
         <load_address>0x634c</load_address>
         <run_address>0x634c</run_address>
         <size>0x2f9</size>
         <input_file_ref idref="fl-1a"/>
      </object_component>
      <object_component id="oc-8f">
         <name>.debug_info</name>
         <load_address>0x6645</load_address>
         <run_address>0x6645</run_address>
         <size>0xff</size>
         <input_file_ref idref="fl-1a"/>
      </object_component>
      <object_component id="oc-92">
         <name>.debug_info</name>
         <load_address>0x6744</load_address>
         <run_address>0x6744</run_address>
         <size>0xe6</size>
         <input_file_ref idref="fl-1a"/>
      </object_component>
      <object_component id="oc-95">
         <name>.debug_info</name>
         <load_address>0x682a</load_address>
         <run_address>0x682a</run_address>
         <size>0x142</size>
         <input_file_ref idref="fl-1b"/>
      </object_component>
      <object_component id="oc-9a">
         <name>.debug_info</name>
         <load_address>0x696c</load_address>
         <run_address>0x696c</run_address>
         <size>0x42e</size>
         <input_file_ref idref="fl-1c"/>
      </object_component>
      <object_component id="oc-a2">
         <name>.debug_info</name>
         <load_address>0x6d9a</load_address>
         <run_address>0x6d9a</run_address>
         <size>0x22c</size>
         <input_file_ref idref="fl-1d"/>
      </object_component>
      <object_component id="oc-a6">
         <name>.debug_info</name>
         <load_address>0x6fc6</load_address>
         <run_address>0x6fc6</run_address>
         <size>0x1478</size>
         <input_file_ref idref="fl-1e"/>
      </object_component>
      <object_component id="oc-ac">
         <name>.debug_info</name>
         <load_address>0x843e</load_address>
         <run_address>0x843e</run_address>
         <size>0xf5</size>
         <input_file_ref idref="fl-1e"/>
      </object_component>
      <object_component id="oc-af">
         <name>.debug_info</name>
         <load_address>0x8533</load_address>
         <run_address>0x8533</run_address>
         <size>0x158</size>
         <input_file_ref idref="fl-1f"/>
      </object_component>
      <object_component id="oc-b4">
         <name>.debug_info</name>
         <load_address>0x868b</load_address>
         <run_address>0x868b</run_address>
         <size>0x10b</size>
         <input_file_ref idref="fl-20"/>
      </object_component>
      <object_component id="oc-bb">
         <name>.debug_info</name>
         <load_address>0x8796</load_address>
         <run_address>0x8796</run_address>
         <size>0x163</size>
         <input_file_ref idref="fl-21"/>
      </object_component>
      <object_component id="oc-c3">
         <name>.debug_info</name>
         <load_address>0x88f9</load_address>
         <run_address>0x88f9</run_address>
         <size>0x1da</size>
         <input_file_ref idref="fl-22"/>
      </object_component>
      <object_component id="oc-c7">
         <name>.debug_info</name>
         <load_address>0x8ad3</load_address>
         <run_address>0x8ad3</run_address>
         <size>0x103</size>
         <input_file_ref idref="fl-22"/>
      </object_component>
      <object_component id="oc-cb">
         <name>.debug_info</name>
         <load_address>0x8bd6</load_address>
         <run_address>0x8bd6</run_address>
         <size>0x119</size>
         <input_file_ref idref="fl-23"/>
      </object_component>
      <object_component id="oc-d0">
         <name>.debug_info</name>
         <load_address>0x8cef</load_address>
         <run_address>0x8cef</run_address>
         <size>0xd6</size>
         <input_file_ref idref="fl-24"/>
      </object_component>
      <object_component id="oc-d4">
         <name>.debug_info</name>
         <load_address>0x8dc5</load_address>
         <run_address>0x8dc5</run_address>
         <size>0x155</size>
         <input_file_ref idref="fl-25"/>
      </object_component>
      <object_component id="oc-d8">
         <name>.debug_info</name>
         <load_address>0x8f1a</load_address>
         <run_address>0x8f1a</run_address>
         <size>0x1ec</size>
         <input_file_ref idref="fl-26"/>
      </object_component>
      <object_component id="oc-de">
         <name>.debug_info</name>
         <load_address>0x9106</load_address>
         <run_address>0x9106</run_address>
         <size>0xe0</size>
         <input_file_ref idref="fl-26"/>
      </object_component>
      <object_component id="oc-e1">
         <name>.debug_info</name>
         <load_address>0x91e6</load_address>
         <run_address>0x91e6</run_address>
         <size>0x134</size>
         <input_file_ref idref="fl-27"/>
      </object_component>
      <object_component id="oc-e7">
         <name>.debug_info</name>
         <load_address>0x931a</load_address>
         <run_address>0x931a</run_address>
         <size>0x507c</size>
         <input_file_ref idref="fl-28"/>
      </object_component>
      <object_component id="oc-ee">
         <name>.debug_info</name>
         <load_address>0xe396</load_address>
         <run_address>0xe396</run_address>
         <size>0x46</size>
         <input_file_ref idref="fl-10"/>
      </object_component>
      <object_component id="oc-f3">
         <name>.debug_info</name>
         <load_address>0xe3dc</load_address>
         <run_address>0xe3dc</run_address>
         <size>0x10a</size>
         <input_file_ref idref="fl-10"/>
      </object_component>
      <object_component id="oc-f5">
         <name>.debug_info</name>
         <load_address>0xe4e6</load_address>
         <run_address>0xe4e6</run_address>
         <size>0x46</size>
         <input_file_ref idref="fl-12"/>
      </object_component>
      <object_component id="oc-fa">
         <name>.debug_info</name>
         <load_address>0xe52c</load_address>
         <run_address>0xe52c</run_address>
         <size>0xc5</size>
         <input_file_ref idref="fl-12"/>
      </object_component>
      <object_component id="oc-fc">
         <name>.debug_info</name>
         <load_address>0xe5f1</load_address>
         <run_address>0xe5f1</run_address>
         <size>0xcf</size>
         <input_file_ref idref="fl-11"/>
      </object_component>
      <object_component id="oc-fd">
         <name>.debug_info</name>
         <load_address>0xe6c0</load_address>
         <run_address>0xe6c0</run_address>
         <size>0x39</size>
         <input_file_ref idref="fl-11"/>
      </object_component>
      <object_component id="oc-103">
         <name>.debug_info</name>
         <load_address>0xe6f9</load_address>
         <run_address>0xe6f9</run_address>
         <size>0x84</size>
         <input_file_ref idref="fl-2"/>
      </object_component>
      <object_component id="oc-108">
         <name>.debug_info</name>
         <load_address>0xe77d</load_address>
         <run_address>0xe77d</run_address>
         <size>0x384</size>
         <input_file_ref idref="fl-2"/>
      </object_component>
      <object_component id="oc-10a">
         <name>.debug_info</name>
         <load_address>0xeb01</load_address>
         <run_address>0xeb01</run_address>
         <size>0xaf</size>
         <input_file_ref idref="fl-3"/>
      </object_component>
      <object_component id="oc-10f">
         <name>.debug_info</name>
         <load_address>0xebb0</load_address>
         <run_address>0xebb0</run_address>
         <size>0x48</size>
         <input_file_ref idref="fl-14"/>
      </object_component>
      <object_component id="oc-114">
         <name>.debug_info</name>
         <load_address>0xebf8</load_address>
         <run_address>0xebf8</run_address>
         <size>0x1da</size>
         <input_file_ref idref="fl-14"/>
      </object_component>
      <object_component id="oc-115">
         <name>.debug_info</name>
         <load_address>0xedd2</load_address>
         <run_address>0xedd2</run_address>
         <size>0x4e</size>
         <input_file_ref idref="fl-14"/>
      </object_component>
      <object_component id="oc-11a">
         <name>.debug_info</name>
         <load_address>0xee20</load_address>
         <run_address>0xee20</run_address>
         <size>0x90</size>
         <input_file_ref idref="fl-14"/>
      </object_component>
      <object_component id="oc-122">
         <name>.debug_info</name>
         <load_address>0xeeb0</load_address>
         <run_address>0xeeb0</run_address>
         <size>0x1e4</size>
         <input_file_ref idref="fl-15"/>
      </object_component>
      <object_component id="oc-126">
         <name>.debug_info</name>
         <load_address>0xf094</load_address>
         <run_address>0xf094</run_address>
         <size>0x89</size>
         <input_file_ref idref="fl-16"/>
      </object_component>
      <object_component id="oc-12b">
         <name>.debug_info</name>
         <load_address>0xf11d</load_address>
         <run_address>0xf11d</run_address>
         <size>0xbe</size>
         <input_file_ref idref="fl-16"/>
      </object_component>
      <object_component id="oc-12d">
         <name>.debug_info</name>
         <load_address>0xf1db</load_address>
         <run_address>0xf1db</run_address>
         <size>0x89</size>
         <input_file_ref idref="fl-17"/>
      </object_component>
      <object_component id="oc-132">
         <name>.debug_info</name>
         <load_address>0xf264</load_address>
         <run_address>0xf264</run_address>
         <size>0x3ea</size>
         <input_file_ref idref="fl-17"/>
      </object_component>
      <object_component id="oc-134">
         <name>.debug_info</name>
         <load_address>0xf64e</load_address>
         <run_address>0xf64e</run_address>
         <size>0xdf</size>
         <input_file_ref idref="fl-18"/>
      </object_component>
      <object_component id="oc-136">
         <name>.debug_info</name>
         <load_address>0xf72d</load_address>
         <run_address>0xf72d</run_address>
         <size>0x89</size>
         <input_file_ref idref="fl-1a"/>
      </object_component>
      <object_component id="oc-13d">
         <name>.debug_info</name>
         <load_address>0xf7b6</load_address>
         <run_address>0xf7b6</run_address>
         <size>0x1e3</size>
         <input_file_ref idref="fl-1a"/>
      </object_component>
      <object_component id="oc-144">
         <name>.debug_info</name>
         <load_address>0xf999</load_address>
         <run_address>0xf999</run_address>
         <size>0x174</size>
         <input_file_ref idref="fl-1e"/>
      </object_component>
      <object_component id="oc-14a">
         <name>.debug_info</name>
         <load_address>0xfb0d</load_address>
         <run_address>0xfb0d</run_address>
         <size>0x160</size>
         <input_file_ref idref="fl-21"/>
      </object_component>
      <object_component id="oc-14c">
         <name>.debug_info</name>
         <load_address>0xfc6d</load_address>
         <run_address>0xfc6d</run_address>
         <size>0x15e</size>
         <input_file_ref idref="fl-22"/>
      </object_component>
      <object_component id="oc-155">
         <name>.debug_info</name>
         <load_address>0xfdcb</load_address>
         <run_address>0xfdcb</run_address>
         <size>0xf1</size>
         <input_file_ref idref="fl-26"/>
      </object_component>
      <object_component id="oc-15a">
         <name>.debug_info</name>
         <load_address>0xfebc</load_address>
         <run_address>0xfebc</run_address>
         <size>0x133</size>
         <input_file_ref idref="fl-27"/>
      </object_component>
      <object_component id="oc-15c">
         <name>.debug_info</name>
         <load_address>0xffef</load_address>
         <run_address>0xffef</run_address>
         <size>0x89</size>
         <input_file_ref idref="fl-28"/>
      </object_component>
      <object_component id="oc-161">
         <name>.debug_info</name>
         <load_address>0x10078</load_address>
         <run_address>0x10078</run_address>
         <size>0xd1</size>
         <input_file_ref idref="fl-28"/>
      </object_component>
      <object_component id="oc-162">
         <name>.debug_info</name>
         <load_address>0x10149</load_address>
         <run_address>0x10149</run_address>
         <size>0x2c</size>
         <input_file_ref idref="fl-10"/>
      </object_component>
      <object_component id="oc-169">
         <name>.debug_info</name>
         <load_address>0x10175</load_address>
         <run_address>0x10175</run_address>
         <size>0x2c</size>
         <input_file_ref idref="fl-12"/>
      </object_component>
      <object_component id="oc-174">
         <name>.debug_info</name>
         <load_address>0x101a1</load_address>
         <run_address>0x101a1</run_address>
         <size>0xba</size>
         <input_file_ref idref="fl-2"/>
      </object_component>
      <object_component id="oc-183">
         <name>.debug_info</name>
         <load_address>0x1025b</load_address>
         <run_address>0x1025b</run_address>
         <size>0xba</size>
         <input_file_ref idref="fl-17"/>
      </object_component>
      <object_component id="oc-190">
         <name>.debug_info</name>
         <load_address>0x10315</load_address>
         <run_address>0x10315</run_address>
         <size>0xcd</size>
         <input_file_ref idref="fl-21"/>
      </object_component>
      <object_component id="oc-19b">
         <name>.debug_info</name>
         <load_address>0x103e2</load_address>
         <run_address>0x103e2</run_address>
         <size>0x5e</size>
         <input_file_ref idref="fl-27"/>
      </object_component>
      <object_component id="oc-1e6">
         <name>.debug_info</name>
         <load_address>0x10440</load_address>
         <run_address>0x10440</run_address>
         <size>0xdb</size>
      </object_component>
      <object_component id="oc-24">
         <name>.debug_aranges</name>
         <load_address>0x0</load_address>
         <run_address>0x0</run_address>
         <size>0x20</size>
         <input_file_ref idref="fl-19"/>
      </object_component>
      <object_component id="oc-29">
         <name>.debug_aranges</name>
         <load_address>0x20</load_address>
         <run_address>0x20</run_address>
         <size>0x20</size>
         <input_file_ref idref="fl-10"/>
      </object_component>
      <object_component id="oc-2f">
         <name>.debug_aranges</name>
         <load_address>0x40</load_address>
         <run_address>0x40</run_address>
         <size>0x20</size>
         <input_file_ref idref="fl-12"/>
      </object_component>
      <object_component id="oc-35">
         <name>.debug_aranges</name>
         <load_address>0x60</load_address>
         <run_address>0x60</run_address>
         <size>0x20</size>
         <input_file_ref idref="fl-11"/>
      </object_component>
      <object_component id="oc-3b">
         <name>.debug_aranges</name>
         <load_address>0x80</load_address>
         <run_address>0x80</run_address>
         <size>0x50</size>
         <input_file_ref idref="fl-2"/>
      </object_component>
      <object_component id="oc-41">
         <name>.debug_aranges</name>
         <load_address>0xd0</load_address>
         <run_address>0xd0</run_address>
         <size>0x48</size>
         <input_file_ref idref="fl-3"/>
      </object_component>
      <object_component id="oc-52">
         <name>.debug_aranges</name>
         <load_address>0x118</load_address>
         <run_address>0x118</run_address>
         <size>0x20</size>
         <input_file_ref idref="fl-11"/>
      </object_component>
      <object_component id="oc-59">
         <name>.debug_aranges</name>
         <load_address>0x138</load_address>
         <run_address>0x138</run_address>
         <size>0x20</size>
         <input_file_ref idref="fl-11"/>
      </object_component>
      <object_component id="oc-5f">
         <name>.debug_aranges</name>
         <load_address>0x158</load_address>
         <run_address>0x158</run_address>
         <size>0x20</size>
         <input_file_ref idref="fl-13"/>
      </object_component>
      <object_component id="oc-66">
         <name>.debug_aranges</name>
         <load_address>0x178</load_address>
         <run_address>0x178</run_address>
         <size>0x50</size>
         <input_file_ref idref="fl-14"/>
      </object_component>
      <object_component id="oc-6d">
         <name>.debug_aranges</name>
         <load_address>0x1c8</load_address>
         <run_address>0x1c8</run_address>
         <size>0x68</size>
         <input_file_ref idref="fl-15"/>
      </object_component>
      <object_component id="oc-78">
         <name>.debug_aranges</name>
         <load_address>0x230</load_address>
         <run_address>0x230</run_address>
         <size>0x48</size>
         <input_file_ref idref="fl-16"/>
      </object_component>
      <object_component id="oc-7c">
         <name>.debug_aranges</name>
         <load_address>0x278</load_address>
         <run_address>0x278</run_address>
         <size>0x48</size>
         <input_file_ref idref="fl-17"/>
      </object_component>
      <object_component id="oc-83">
         <name>.debug_aranges</name>
         <load_address>0x2c0</load_address>
         <run_address>0x2c0</run_address>
         <size>0x28</size>
         <input_file_ref idref="fl-18"/>
      </object_component>
      <object_component id="oc-8a">
         <name>.debug_aranges</name>
         <load_address>0x2e8</load_address>
         <run_address>0x2e8</run_address>
         <size>0x28</size>
         <input_file_ref idref="fl-1a"/>
      </object_component>
      <object_component id="oc-96">
         <name>.debug_aranges</name>
         <load_address>0x310</load_address>
         <run_address>0x310</run_address>
         <size>0x20</size>
         <input_file_ref idref="fl-1b"/>
      </object_component>
      <object_component id="oc-9b">
         <name>.debug_aranges</name>
         <load_address>0x330</load_address>
         <run_address>0x330</run_address>
         <size>0x50</size>
         <input_file_ref idref="fl-1c"/>
      </object_component>
      <object_component id="oc-a3">
         <name>.debug_aranges</name>
         <load_address>0x380</load_address>
         <run_address>0x380</run_address>
         <size>0x20</size>
         <input_file_ref idref="fl-1d"/>
      </object_component>
      <object_component id="oc-a7">
         <name>.debug_aranges</name>
         <load_address>0x3a0</load_address>
         <run_address>0x3a0</run_address>
         <size>0xe8</size>
         <input_file_ref idref="fl-1e"/>
      </object_component>
      <object_component id="oc-b0">
         <name>.debug_aranges</name>
         <load_address>0x488</load_address>
         <run_address>0x488</run_address>
         <size>0x28</size>
         <input_file_ref idref="fl-1f"/>
      </object_component>
      <object_component id="oc-b5">
         <name>.debug_aranges</name>
         <load_address>0x4b0</load_address>
         <run_address>0x4b0</run_address>
         <size>0x20</size>
         <input_file_ref idref="fl-20"/>
      </object_component>
      <object_component id="oc-bc">
         <name>.debug_aranges</name>
         <load_address>0x4d0</load_address>
         <run_address>0x4d0</run_address>
         <size>0x20</size>
         <input_file_ref idref="fl-21"/>
      </object_component>
      <object_component id="oc-c4">
         <name>.debug_aranges</name>
         <load_address>0x4f0</load_address>
         <run_address>0x4f0</run_address>
         <size>0x30</size>
         <input_file_ref idref="fl-22"/>
      </object_component>
      <object_component id="oc-cc">
         <name>.debug_aranges</name>
         <load_address>0x520</load_address>
         <run_address>0x520</run_address>
         <size>0x28</size>
         <input_file_ref idref="fl-23"/>
      </object_component>
      <object_component id="oc-d5">
         <name>.debug_aranges</name>
         <load_address>0x548</load_address>
         <run_address>0x548</run_address>
         <size>0x28</size>
         <input_file_ref idref="fl-25"/>
      </object_component>
      <object_component id="oc-d9">
         <name>.debug_aranges</name>
         <load_address>0x570</load_address>
         <run_address>0x570</run_address>
         <size>0x30</size>
         <input_file_ref idref="fl-26"/>
      </object_component>
      <object_component id="oc-e2">
         <name>.debug_aranges</name>
         <load_address>0x5a0</load_address>
         <run_address>0x5a0</run_address>
         <size>0x20</size>
         <input_file_ref idref="fl-27"/>
      </object_component>
      <object_component id="oc-e8">
         <name>.debug_aranges</name>
         <load_address>0x5c0</load_address>
         <run_address>0x5c0</run_address>
         <size>0x268</size>
         <input_file_ref idref="fl-28"/>
      </object_component>
      <object_component id="oc-25">
         <name>.debug_pubnames</name>
         <load_address>0x0</load_address>
         <run_address>0x0</run_address>
         <size>0x44</size>
         <input_file_ref idref="fl-19"/>
      </object_component>
      <object_component id="oc-2a">
         <name>.debug_pubnames</name>
         <load_address>0x44</load_address>
         <run_address>0x44</run_address>
         <size>0x2b</size>
         <input_file_ref idref="fl-10"/>
      </object_component>
      <object_component id="oc-30">
         <name>.debug_pubnames</name>
         <load_address>0x6f</load_address>
         <run_address>0x6f</run_address>
         <size>0x25</size>
         <input_file_ref idref="fl-12"/>
      </object_component>
      <object_component id="oc-36">
         <name>.debug_pubnames</name>
         <load_address>0x94</load_address>
         <run_address>0x94</run_address>
         <size>0x2c</size>
         <input_file_ref idref="fl-11"/>
      </object_component>
      <object_component id="oc-3c">
         <name>.debug_pubnames</name>
         <load_address>0xc0</load_address>
         <run_address>0xc0</run_address>
         <size>0x70</size>
         <input_file_ref idref="fl-2"/>
      </object_component>
      <object_component id="oc-42">
         <name>.debug_pubnames</name>
         <load_address>0x130</load_address>
         <run_address>0x130</run_address>
         <size>0x6b</size>
         <input_file_ref idref="fl-3"/>
      </object_component>
      <object_component id="oc-53">
         <name>.debug_pubnames</name>
         <load_address>0x19b</load_address>
         <run_address>0x19b</run_address>
         <size>0x2f</size>
         <input_file_ref idref="fl-11"/>
      </object_component>
      <object_component id="oc-5a">
         <name>.debug_pubnames</name>
         <load_address>0x1ca</load_address>
         <run_address>0x1ca</run_address>
         <size>0x2a</size>
         <input_file_ref idref="fl-11"/>
      </object_component>
      <object_component id="oc-60">
         <name>.debug_pubnames</name>
         <load_address>0x1f4</load_address>
         <run_address>0x1f4</run_address>
         <size>0x1d</size>
         <input_file_ref idref="fl-13"/>
      </object_component>
      <object_component id="oc-67">
         <name>.debug_pubnames</name>
         <load_address>0x211</load_address>
         <run_address>0x211</run_address>
         <size>0xb1</size>
         <input_file_ref idref="fl-14"/>
      </object_component>
      <object_component id="oc-6a">
         <name>.debug_pubnames</name>
         <load_address>0x2c2</load_address>
         <run_address>0x2c2</run_address>
         <size>0x22</size>
         <input_file_ref idref="fl-14"/>
      </object_component>
      <object_component id="oc-6e">
         <name>.debug_pubnames</name>
         <load_address>0x2e4</load_address>
         <run_address>0x2e4</run_address>
         <size>0xa8</size>
         <input_file_ref idref="fl-15"/>
      </object_component>
      <object_component id="oc-73">
         <name>.debug_pubnames</name>
         <load_address>0x38c</load_address>
         <run_address>0x38c</run_address>
         <size>0x1e</size>
         <input_file_ref idref="fl-15"/>
      </object_component>
      <object_component id="oc-79">
         <name>.debug_pubnames</name>
         <load_address>0x3aa</load_address>
         <run_address>0x3aa</run_address>
         <size>0x74</size>
         <input_file_ref idref="fl-16"/>
      </object_component>
      <object_component id="oc-7e">
         <name>.debug_pubnames</name>
         <load_address>0x41e</load_address>
         <run_address>0x41e</run_address>
         <size>0x90</size>
         <input_file_ref idref="fl-17"/>
      </object_component>
      <object_component id="oc-84">
         <name>.debug_pubnames</name>
         <load_address>0x4ae</load_address>
         <run_address>0x4ae</run_address>
         <size>0x3f</size>
         <input_file_ref idref="fl-18"/>
      </object_component>
      <object_component id="oc-8b">
         <name>.debug_pubnames</name>
         <load_address>0x4ed</load_address>
         <run_address>0x4ed</run_address>
         <size>0x35</size>
         <input_file_ref idref="fl-1a"/>
      </object_component>
      <object_component id="oc-90">
         <name>.debug_pubnames</name>
         <load_address>0x522</load_address>
         <run_address>0x522</run_address>
         <size>0x29</size>
         <input_file_ref idref="fl-1a"/>
      </object_component>
      <object_component id="oc-93">
         <name>.debug_pubnames</name>
         <load_address>0x54b</load_address>
         <run_address>0x54b</run_address>
         <size>0x1d</size>
         <input_file_ref idref="fl-1a"/>
      </object_component>
      <object_component id="oc-97">
         <name>.debug_pubnames</name>
         <load_address>0x568</load_address>
         <run_address>0x568</run_address>
         <size>0x57</size>
         <input_file_ref idref="fl-1b"/>
      </object_component>
      <object_component id="oc-9c">
         <name>.debug_pubnames</name>
         <load_address>0x5bf</load_address>
         <run_address>0x5bf</run_address>
         <size>0x8c</size>
         <input_file_ref idref="fl-1c"/>
      </object_component>
      <object_component id="oc-a4">
         <name>.debug_pubnames</name>
         <load_address>0x64b</load_address>
         <run_address>0x64b</run_address>
         <size>0x44</size>
         <input_file_ref idref="fl-1d"/>
      </object_component>
      <object_component id="oc-a8">
         <name>.debug_pubnames</name>
         <load_address>0x68f</load_address>
         <run_address>0x68f</run_address>
         <size>0x25c</size>
         <input_file_ref idref="fl-1e"/>
      </object_component>
      <object_component id="oc-ad">
         <name>.debug_pubnames</name>
         <load_address>0x8eb</load_address>
         <run_address>0x8eb</run_address>
         <size>0x23</size>
         <input_file_ref idref="fl-1e"/>
      </object_component>
      <object_component id="oc-b1">
         <name>.debug_pubnames</name>
         <load_address>0x90e</load_address>
         <run_address>0x90e</run_address>
         <size>0x37</size>
         <input_file_ref idref="fl-1f"/>
      </object_component>
      <object_component id="oc-b6">
         <name>.debug_pubnames</name>
         <load_address>0x945</load_address>
         <run_address>0x945</run_address>
         <size>0x1f</size>
         <input_file_ref idref="fl-20"/>
      </object_component>
      <object_component id="oc-bd">
         <name>.debug_pubnames</name>
         <load_address>0x964</load_address>
         <run_address>0x964</run_address>
         <size>0x1e</size>
         <input_file_ref idref="fl-21"/>
      </object_component>
      <object_component id="oc-c5">
         <name>.debug_pubnames</name>
         <load_address>0x982</load_address>
         <run_address>0x982</run_address>
         <size>0x35</size>
         <input_file_ref idref="fl-22"/>
      </object_component>
      <object_component id="oc-c8">
         <name>.debug_pubnames</name>
         <load_address>0x9b7</load_address>
         <run_address>0x9b7</run_address>
         <size>0x3a</size>
         <input_file_ref idref="fl-22"/>
      </object_component>
      <object_component id="oc-cd">
         <name>.debug_pubnames</name>
         <load_address>0x9f1</load_address>
         <run_address>0x9f1</run_address>
         <size>0x37</size>
         <input_file_ref idref="fl-23"/>
      </object_component>
      <object_component id="oc-d1">
         <name>.debug_pubnames</name>
         <load_address>0xa28</load_address>
         <run_address>0xa28</run_address>
         <size>0x23</size>
         <input_file_ref idref="fl-24"/>
      </object_component>
      <object_component id="oc-d6">
         <name>.debug_pubnames</name>
         <load_address>0xa4b</load_address>
         <run_address>0xa4b</run_address>
         <size>0x39</size>
         <input_file_ref idref="fl-25"/>
      </object_component>
      <object_component id="oc-da">
         <name>.debug_pubnames</name>
         <load_address>0xa84</load_address>
         <run_address>0xa84</run_address>
         <size>0x43</size>
         <input_file_ref idref="fl-26"/>
      </object_component>
      <object_component id="oc-df">
         <name>.debug_pubnames</name>
         <load_address>0xac7</load_address>
         <run_address>0xac7</run_address>
         <size>0x28</size>
         <input_file_ref idref="fl-26"/>
      </object_component>
      <object_component id="oc-e3">
         <name>.debug_pubnames</name>
         <load_address>0xaef</load_address>
         <run_address>0xaef</run_address>
         <size>0x21</size>
         <input_file_ref idref="fl-27"/>
      </object_component>
      <object_component id="oc-e9">
         <name>.debug_pubnames</name>
         <load_address>0xb10</load_address>
         <run_address>0xb10</run_address>
         <size>0x779</size>
         <input_file_ref idref="fl-28"/>
      </object_component>
      <object_component id="oc-1e8">
         <name>.debug_pubnames</name>
         <load_address>0x1289</load_address>
         <run_address>0x1289</run_address>
         <size>0x32</size>
      </object_component>
      <object_component id="oc-26">
         <name>.debug_line</name>
         <load_address>0x0</load_address>
         <run_address>0x0</run_address>
         <size>0x82</size>
         <input_file_ref idref="fl-19"/>
      </object_component>
      <object_component id="oc-2b">
         <name>.debug_line</name>
         <load_address>0x82</load_address>
         <run_address>0x82</run_address>
         <size>0x52</size>
         <input_file_ref idref="fl-10"/>
      </object_component>
      <object_component id="oc-31">
         <name>.debug_line</name>
         <load_address>0xd4</load_address>
         <run_address>0xd4</run_address>
         <size>0x49</size>
         <input_file_ref idref="fl-12"/>
      </object_component>
      <object_component id="oc-37">
         <name>.debug_line</name>
         <load_address>0x11d</load_address>
         <run_address>0x11d</run_address>
         <size>0x4b</size>
         <input_file_ref idref="fl-11"/>
      </object_component>
      <object_component id="oc-3d">
         <name>.debug_line</name>
         <load_address>0x168</load_address>
         <run_address>0x168</run_address>
         <size>0x1b4</size>
         <input_file_ref idref="fl-2"/>
      </object_component>
      <object_component id="oc-43">
         <name>.debug_line</name>
         <load_address>0x31c</load_address>
         <run_address>0x31c</run_address>
         <size>0xfe</size>
         <input_file_ref idref="fl-3"/>
      </object_component>
      <object_component id="oc-54">
         <name>.debug_line</name>
         <load_address>0x41a</load_address>
         <run_address>0x41a</run_address>
         <size>0x86</size>
         <input_file_ref idref="fl-11"/>
      </object_component>
      <object_component id="oc-5b">
         <name>.debug_line</name>
         <load_address>0x4a0</load_address>
         <run_address>0x4a0</run_address>
         <size>0x4b</size>
         <input_file_ref idref="fl-11"/>
      </object_component>
      <object_component id="oc-61">
         <name>.debug_line</name>
         <load_address>0x4eb</load_address>
         <run_address>0x4eb</run_address>
         <size>0x9a</size>
         <input_file_ref idref="fl-13"/>
      </object_component>
      <object_component id="oc-64">
         <name>.debug_line</name>
         <load_address>0x585</load_address>
         <run_address>0x585</run_address>
         <size>0x122</size>
         <input_file_ref idref="fl-14"/>
      </object_component>
      <object_component id="oc-6f">
         <name>.debug_line</name>
         <load_address>0x6a7</load_address>
         <run_address>0x6a7</run_address>
         <size>0x7dc</size>
         <input_file_ref idref="fl-15"/>
      </object_component>
      <object_component id="oc-76">
         <name>.debug_line</name>
         <load_address>0xe83</load_address>
         <run_address>0xe83</run_address>
         <size>0x1a1</size>
         <input_file_ref idref="fl-16"/>
      </object_component>
      <object_component id="oc-7f">
         <name>.debug_line</name>
         <load_address>0x1024</load_address>
         <run_address>0x1024</run_address>
         <size>0xe7</size>
         <input_file_ref idref="fl-17"/>
      </object_component>
      <object_component id="oc-85">
         <name>.debug_line</name>
         <load_address>0x110b</load_address>
         <run_address>0x110b</run_address>
         <size>0xb0</size>
         <input_file_ref idref="fl-18"/>
      </object_component>
      <object_component id="oc-8c">
         <name>.debug_line</name>
         <load_address>0x11bb</load_address>
         <run_address>0x11bb</run_address>
         <size>0x86</size>
         <input_file_ref idref="fl-1a"/>
      </object_component>
      <object_component id="oc-98">
         <name>.debug_line</name>
         <load_address>0x1241</load_address>
         <run_address>0x1241</run_address>
         <size>0xa1</size>
         <input_file_ref idref="fl-1b"/>
      </object_component>
      <object_component id="oc-9d">
         <name>.debug_line</name>
         <load_address>0x12e2</load_address>
         <run_address>0x12e2</run_address>
         <size>0xd4</size>
         <input_file_ref idref="fl-1c"/>
      </object_component>
      <object_component id="oc-a1">
         <name>.debug_line</name>
         <load_address>0x13b6</load_address>
         <run_address>0x13b6</run_address>
         <size>0x174</size>
         <input_file_ref idref="fl-1d"/>
      </object_component>
      <object_component id="oc-a9">
         <name>.debug_line</name>
         <load_address>0x152a</load_address>
         <run_address>0x152a</run_address>
         <size>0x2d2</size>
         <input_file_ref idref="fl-1e"/>
      </object_component>
      <object_component id="oc-b2">
         <name>.debug_line</name>
         <load_address>0x17fc</load_address>
         <run_address>0x17fc</run_address>
         <size>0x7d</size>
         <input_file_ref idref="fl-1f"/>
      </object_component>
      <object_component id="oc-b7">
         <name>.debug_line</name>
         <load_address>0x1879</load_address>
         <run_address>0x1879</run_address>
         <size>0x48</size>
         <input_file_ref idref="fl-20"/>
      </object_component>
      <object_component id="oc-be">
         <name>.debug_line</name>
         <load_address>0x18c1</load_address>
         <run_address>0x18c1</run_address>
         <size>0x63</size>
         <input_file_ref idref="fl-21"/>
      </object_component>
      <object_component id="oc-c2">
         <name>.debug_line</name>
         <load_address>0x1924</load_address>
         <run_address>0x1924</run_address>
         <size>0x80</size>
         <input_file_ref idref="fl-22"/>
      </object_component>
      <object_component id="oc-ca">
         <name>.debug_line</name>
         <load_address>0x19a4</load_address>
         <run_address>0x19a4</run_address>
         <size>0x73</size>
         <input_file_ref idref="fl-23"/>
      </object_component>
      <object_component id="oc-d3">
         <name>.debug_line</name>
         <load_address>0x1a17</load_address>
         <run_address>0x1a17</run_address>
         <size>0x86</size>
         <input_file_ref idref="fl-25"/>
      </object_component>
      <object_component id="oc-db">
         <name>.debug_line</name>
         <load_address>0x1a9d</load_address>
         <run_address>0x1a9d</run_address>
         <size>0x64</size>
         <input_file_ref idref="fl-26"/>
      </object_component>
      <object_component id="oc-e4">
         <name>.debug_line</name>
         <load_address>0x1b01</load_address>
         <run_address>0x1b01</run_address>
         <size>0x53</size>
         <input_file_ref idref="fl-27"/>
      </object_component>
      <object_component id="oc-ea">
         <name>.debug_line</name>
         <load_address>0x1b54</load_address>
         <run_address>0x1b54</run_address>
         <size>0xa0b</size>
         <input_file_ref idref="fl-28"/>
      </object_component>
      <object_component id="oc-f1">
         <name>.debug_line</name>
         <load_address>0x255f</load_address>
         <run_address>0x255f</run_address>
         <size>0x3a</size>
         <input_file_ref idref="fl-10"/>
      </object_component>
      <object_component id="oc-f8">
         <name>.debug_line</name>
         <load_address>0x2599</load_address>
         <run_address>0x2599</run_address>
         <size>0x34</size>
         <input_file_ref idref="fl-12"/>
      </object_component>
      <object_component id="oc-100">
         <name>.debug_line</name>
         <load_address>0x25cd</load_address>
         <run_address>0x25cd</run_address>
         <size>0x39</size>
         <input_file_ref idref="fl-11"/>
      </object_component>
      <object_component id="oc-106">
         <name>.debug_line</name>
         <load_address>0x2606</load_address>
         <run_address>0x2606</run_address>
         <size>0x20</size>
         <input_file_ref idref="fl-2"/>
      </object_component>
      <object_component id="oc-112">
         <name>.debug_line</name>
         <load_address>0x2626</load_address>
         <run_address>0x2626</run_address>
         <size>0x49</size>
         <input_file_ref idref="fl-14"/>
      </object_component>
      <object_component id="oc-118">
         <name>.debug_line</name>
         <load_address>0x266f</load_address>
         <run_address>0x266f</run_address>
         <size>0x6c</size>
         <input_file_ref idref="fl-14"/>
      </object_component>
      <object_component id="oc-11d">
         <name>.debug_line</name>
         <load_address>0x26db</load_address>
         <run_address>0x26db</run_address>
         <size>0x20</size>
         <input_file_ref idref="fl-14"/>
      </object_component>
      <object_component id="oc-120">
         <name>.debug_line</name>
         <load_address>0x26fb</load_address>
         <run_address>0x26fb</run_address>
         <size>0x3b</size>
         <input_file_ref idref="fl-14"/>
      </object_component>
      <object_component id="oc-124">
         <name>.debug_line</name>
         <load_address>0x2736</load_address>
         <run_address>0x2736</run_address>
         <size>0x38</size>
         <input_file_ref idref="fl-15"/>
      </object_component>
      <object_component id="oc-129">
         <name>.debug_line</name>
         <load_address>0x276e</load_address>
         <run_address>0x276e</run_address>
         <size>0x20</size>
         <input_file_ref idref="fl-16"/>
      </object_component>
      <object_component id="oc-130">
         <name>.debug_line</name>
         <load_address>0x278e</load_address>
         <run_address>0x278e</run_address>
         <size>0x20</size>
         <input_file_ref idref="fl-17"/>
      </object_component>
      <object_component id="oc-139">
         <name>.debug_line</name>
         <load_address>0x27ae</load_address>
         <run_address>0x27ae</run_address>
         <size>0x20</size>
         <input_file_ref idref="fl-1a"/>
      </object_component>
      <object_component id="oc-13c">
         <name>.debug_line</name>
         <load_address>0x27ce</load_address>
         <run_address>0x27ce</run_address>
         <size>0x4c</size>
         <input_file_ref idref="fl-1a"/>
      </object_component>
      <object_component id="oc-13f">
         <name>.debug_line</name>
         <load_address>0x281a</load_address>
         <run_address>0x281a</run_address>
         <size>0x4c</size>
         <input_file_ref idref="fl-1a"/>
      </object_component>
      <object_component id="oc-146">
         <name>.debug_line</name>
         <load_address>0x2866</load_address>
         <run_address>0x2866</run_address>
         <size>0x4e</size>
         <input_file_ref idref="fl-1e"/>
      </object_component>
      <object_component id="oc-14f">
         <name>.debug_line</name>
         <load_address>0x28b4</load_address>
         <run_address>0x28b4</run_address>
         <size>0x2a</size>
         <input_file_ref idref="fl-22"/>
      </object_component>
      <object_component id="oc-152">
         <name>.debug_line</name>
         <load_address>0x28de</load_address>
         <run_address>0x28de</run_address>
         <size>0x33</size>
         <input_file_ref idref="fl-24"/>
      </object_component>
      <object_component id="oc-158">
         <name>.debug_line</name>
         <load_address>0x2911</load_address>
         <run_address>0x2911</run_address>
         <size>0x2b</size>
         <input_file_ref idref="fl-26"/>
      </object_component>
      <object_component id="oc-15f">
         <name>.debug_line</name>
         <load_address>0x293c</load_address>
         <run_address>0x293c</run_address>
         <size>0x20</size>
         <input_file_ref idref="fl-28"/>
      </object_component>
      <object_component id="oc-165">
         <name>.debug_line</name>
         <load_address>0x295c</load_address>
         <run_address>0x295c</run_address>
         <size>0x5e</size>
         <input_file_ref idref="fl-10"/>
      </object_component>
      <object_component id="oc-168">
         <name>.debug_line</name>
         <load_address>0x29ba</load_address>
         <run_address>0x29ba</run_address>
         <size>0x20</size>
         <input_file_ref idref="fl-10"/>
      </object_component>
      <object_component id="oc-16c">
         <name>.debug_line</name>
         <load_address>0x29da</load_address>
         <run_address>0x29da</run_address>
         <size>0x5e</size>
         <input_file_ref idref="fl-12"/>
      </object_component>
      <object_component id="oc-16f">
         <name>.debug_line</name>
         <load_address>0x2a38</load_address>
         <run_address>0x2a38</run_address>
         <size>0x20</size>
         <input_file_ref idref="fl-12"/>
      </object_component>
      <object_component id="oc-171">
         <name>.debug_line</name>
         <load_address>0x2a58</load_address>
         <run_address>0x2a58</run_address>
         <size>0x20</size>
         <input_file_ref idref="fl-11"/>
      </object_component>
      <object_component id="oc-173">
         <name>.debug_line</name>
         <load_address>0x2a78</load_address>
         <run_address>0x2a78</run_address>
         <size>0x81</size>
         <input_file_ref idref="fl-2"/>
      </object_component>
      <object_component id="oc-177">
         <name>.debug_line</name>
         <load_address>0x2af9</load_address>
         <run_address>0x2af9</run_address>
         <size>0x6b</size>
         <input_file_ref idref="fl-2"/>
      </object_component>
      <object_component id="oc-17a">
         <name>.debug_line</name>
         <load_address>0x2b64</load_address>
         <run_address>0x2b64</run_address>
         <size>0x20</size>
         <input_file_ref idref="fl-3"/>
      </object_component>
      <object_component id="oc-17c">
         <name>.debug_line</name>
         <load_address>0x2b84</load_address>
         <run_address>0x2b84</run_address>
         <size>0x46</size>
         <input_file_ref idref="fl-14"/>
      </object_component>
      <object_component id="oc-17e">
         <name>.debug_line</name>
         <load_address>0x2bca</load_address>
         <run_address>0x2bca</run_address>
         <size>0x5a</size>
         <input_file_ref idref="fl-15"/>
      </object_component>
      <object_component id="oc-180">
         <name>.debug_line</name>
         <load_address>0x2c24</load_address>
         <run_address>0x2c24</run_address>
         <size>0x20</size>
         <input_file_ref idref="fl-16"/>
      </object_component>
      <object_component id="oc-182">
         <name>.debug_line</name>
         <load_address>0x2c44</load_address>
         <run_address>0x2c44</run_address>
         <size>0x8b</size>
         <input_file_ref idref="fl-17"/>
      </object_component>
      <object_component id="oc-186">
         <name>.debug_line</name>
         <load_address>0x2ccf</load_address>
         <run_address>0x2ccf</run_address>
         <size>0x5b</size>
         <input_file_ref idref="fl-17"/>
      </object_component>
      <object_component id="oc-189">
         <name>.debug_line</name>
         <load_address>0x2d2a</load_address>
         <run_address>0x2d2a</run_address>
         <size>0x20</size>
         <input_file_ref idref="fl-18"/>
      </object_component>
      <object_component id="oc-18b">
         <name>.debug_line</name>
         <load_address>0x2d4a</load_address>
         <run_address>0x2d4a</run_address>
         <size>0x77</size>
         <input_file_ref idref="fl-1a"/>
      </object_component>
      <object_component id="oc-18d">
         <name>.debug_line</name>
         <load_address>0x2dc1</load_address>
         <run_address>0x2dc1</run_address>
         <size>0x4a</size>
         <input_file_ref idref="fl-1e"/>
      </object_component>
      <object_component id="oc-18f">
         <name>.debug_line</name>
         <load_address>0x2e0b</load_address>
         <run_address>0x2e0b</run_address>
         <size>0x6b</size>
         <input_file_ref idref="fl-21"/>
      </object_component>
      <object_component id="oc-193">
         <name>.debug_line</name>
         <load_address>0x2e76</load_address>
         <run_address>0x2e76</run_address>
         <size>0x5f</size>
         <input_file_ref idref="fl-21"/>
      </object_component>
      <object_component id="oc-196">
         <name>.debug_line</name>
         <load_address>0x2ed5</load_address>
         <run_address>0x2ed5</run_address>
         <size>0x5d</size>
         <input_file_ref idref="fl-22"/>
      </object_component>
      <object_component id="oc-198">
         <name>.debug_line</name>
         <load_address>0x2f32</load_address>
         <run_address>0x2f32</run_address>
         <size>0x20</size>
         <input_file_ref idref="fl-26"/>
      </object_component>
      <object_component id="oc-19a">
         <name>.debug_line</name>
         <load_address>0x2f52</load_address>
         <run_address>0x2f52</run_address>
         <size>0x2b</size>
         <input_file_ref idref="fl-27"/>
      </object_component>
      <object_component id="oc-19e">
         <name>.debug_line</name>
         <load_address>0x2f7d</load_address>
         <run_address>0x2f7d</run_address>
         <size>0x2b</size>
         <input_file_ref idref="fl-27"/>
      </object_component>
      <object_component id="oc-1a1">
         <name>.debug_line</name>
         <load_address>0x2fa8</load_address>
         <run_address>0x2fa8</run_address>
         <size>0x20</size>
         <input_file_ref idref="fl-28"/>
      </object_component>
      <object_component id="oc-2c">
         <name>.debug_frame</name>
         <load_address>0x0</load_address>
         <run_address>0x0</run_address>
         <size>0x3f</size>
         <input_file_ref idref="fl-10"/>
      </object_component>
      <object_component id="oc-32">
         <name>.debug_frame</name>
         <load_address>0x3f</load_address>
         <run_address>0x3f</run_address>
         <size>0x3f</size>
[...]
         <name>IntSystemEnable</name>
         <value>0x80003004</value>
         <object_component_ref idref="oc-a5"/>
      </symbol>
      <symbol id="sm-6dc">
         <name>IntSoftwareIntClear</name>
         <value>0x80003098</value>
         <object_component_ref idref="oc-a5"/>
      </symbol>
      <symbol id="sm-6dd">
         <name>IntIfClkAutoGateSet</name>
         <value>0x8000316c</value>
         <object_component_ref idref="oc-a5"/>
      </symbol>
      <symbol id="sm-6de">
         <name>IntIfClkFreeRunSet</name>
         <value>0x80003158</value>
         <object_component_ref idref="oc-a5"/>
      </symbol>
      <symbol id="sm-6df">
         <name>IntSyncClkFreeRunSet</name>
         <value>0x80003044</value>
         <object_component_ref idref="oc-a5"/>
      </symbol>
      <symbol id="sm-6e0">
         <name>IntActiveIrqNumGet</name>
         <value>0x800031e4</value>
         <object_component_ref idref="oc-a5"/>
      </symbol>
      <symbol id="sm-6e1">
         <name>IntFuncClkFreeRunSet</name>
         <value>0x80003180</value>
         <object_component_ref idref="oc-a5"/>
      </symbol>
      <symbol id="sm-6fc">
         <name>__TI_auto_init</name>
         <value>0x80003bdc</value>
         <object_component_ref idref="oc-ae"/>
      </symbol>
      <symbol id="sm-70f">
         <name>_c_int00</name>
         <value>0x80003f50</value>
         <object_component_ref idref="oc-b3"/>
      </symbol>
      <symbol id="sm-710">
         <name>__stack</name>
         <value>0x87fff000</value>
         <object_component_ref idref="oc-b8"/>
      </symbol>
      <symbol id="sm-711">
         <name>_stkchk_called</name>
         <value>0x8000b2d8</value>
         <object_component_ref idref="oc-b9"/>
      </symbol>
      <symbol id="sm-72a">
         <name>copy_in</name>
         <value>0x80003df8</value>
         <object_component_ref idref="oc-ba"/>
      </symbol>
      <symbol id="sm-74a">
         <name>C$$EXIT</name>
         <value>0x80003e78</value>
         <object_component_ref idref="oc-c0"/>
      </symbol>
      <symbol id="sm-74b">
         <name>abort</name>
         <value>0x80003e80</value>
         <object_component_ref idref="oc-c0"/>
      </symbol>
      <symbol id="sm-74c">
         <name>exit</name>
         <value>0x80003e8c</value>
         <object_component_ref idref="oc-c0"/>
      </symbol>
      <symbol id="sm-74d">
         <name>__TI_dtors_ptr</name>
         <value>0x8000b2d4</value>
         <object_component_ref idref="oc-c6"/>
      </symbol>
      <symbol id="sm-74e">
         <name>__TI_cleanup_ptr</name>
         <value>0x8000b2d0</value>
         <object_component_ref idref="oc-c6"/>
      </symbol>
      <symbol id="sm-75d">
         <name>__aeabi_memset</name>
         <value>0x80003cb4</value>
         <object_component_ref idref="oc-c9"/>
      </symbol>
      <symbol id="sm-75e">
         <name>memset</name>
         <value>0x80003cc0</value>
         <object_component_ref idref="oc-c9"/>
      </symbol>
      <symbol id="sm-75f">
         <name>__aeabi_memset8</name>
         <value>0x80003cb4</value>
         <object_component_ref idref="oc-c9"/>
      </symbol>
      <symbol id="sm-760">
         <name>__aeabi_memset4</name>
         <value>0x80003cb4</value>
         <object_component_ref idref="oc-c9"/>
      </symbol>
      <symbol id="sm-761">
         <name>__aeabi_memclr8</name>
         <value>0x80003cb0</value>
         <object_component_ref idref="oc-c9"/>
      </symbol>
      <symbol id="sm-762">
         <name>__aeabi_memclr4</name>
         <value>0x80003cb0</value>
         <object_component_ref idref="oc-c9"/>
      </symbol>
      <symbol id="sm-763">
         <name>__aeabi_memclr</name>
         <value>0x80003cb0</value>
         <object_component_ref idref="oc-c9"/>
      </symbol>
      <symbol id="sm-76c">
         <name>main_func_sp</name>
         <value>0x8000b2dc</value>
         <object_component_ref idref="oc-cf"/>
      </symbol>
      <symbol id="sm-77f">
         <name>__aeabi_uidivmod</name>
         <value>0x80003ae8</value>
         <object_component_ref idref="oc-d2"/>
      </symbol>
      <symbol id="sm-799">
         <name>_nop</name>
         <value>0x80003ff4</value>
         <object_component_ref idref="oc-d7"/>
      </symbol>
      <symbol id="sm-79a">
         <name>_lock</name>
         <value>0x8000b2c8</value>
         <object_component_ref idref="oc-dd"/>
      </symbol>
      <symbol id="sm-79b">
         <name>_unlock</name>
         <value>0x8000b2cc</value>
         <object_component_ref idref="oc-dd"/>
      </symbol>
      <symbol id="sm-79c">
         <name>_register_lock</name>
         <value>0x80003fe8</value>
         <object_component_ref idref="oc-d7"/>
      </symbol>
      <symbol id="sm-79d">
         <name>_register_unlock</name>
         <value>0x80003fdc</value>
         <object_component_ref idref="oc-d7"/>
      </symbol>
      <symbol id="sm-7b1">
         <name>_args_main</name>
         <value>0x80004020</value>
         <object_component_ref idref="oc-e0"/>
      </symbol>
      <symbol id="sm-839">
         <name>UARTAutobaudWordLenGet</name>
         <value>0x80001db4</value>
         <object_component_ref idref="oc-e6"/>
      </symbol>
      <symbol id="sm-83a">
         <name>UARTDivisorLatchDisable</name>
         <value>0x80001bc0</value>
         <object_component_ref idref="oc-e6"/>
      </symbol>
      <symbol id="sm-83b">
         <name>UARTCharPutNonBlocking</name>
         <value>0x80001c84</value>
         <object_component_ref idref="oc-e6"/>
      </symbol>
      <symbol id="sm-83c">
         <name>UARTDMAEnable</name>
         <value>0x80001bf0</value>
         <object_component_ref idref="oc-e6"/>
      </symbol>
      <symbol id="sm-83d">
         <name>UARTXON1XOFF1ValProgram</name>
         <value>0x800010a4</value>
         <object_component_ref idref="oc-e6"/>
      </symbol>
      <symbol id="sm-83e">
         <name>UARTScratchPadRegWrite</name>
         <value>0x800013f8</value>
         <object_component_ref idref="oc-e6"/>
      </symbol>
      <symbol id="sm-83f">
         <name>UARTPulseShapingControl</name>
         <value>0x8000148c</value>
         <object_component_ref idref="oc-e6"/>
      </symbol>
      <symbol id="sm-840">
         <name>UARTSubConfigXOFFModeEn</name>
         <value>0x800011f4</value>
         <object_component_ref idref="oc-e6"/>
      </symbol>
      <symbol id="sm-841">
         <name>UARTModemStatusChangeCheck</name>
         <value>0x80001538</value>
         <object_component_ref idref="oc-e6"/>
      </symbol>
      <symbol id="sm-842">
         <name>UARTFIFOTrigLvlGranControl</name>
         <value>0x8000177c</value>
         <object_component_ref idref="oc-e6"/>
      </symbol>
      <symbol id="sm-843">
         <name>UARTDivisorValCompute</name>
         <value>0x80001b70</value>
         <object_component_ref idref="oc-e6"/>
      </symbol>
      <symbol id="sm-844">
         <name>UARTIntPendingStatusGet</name>
         <value>0x800015d0</value>
         <object_component_ref idref="oc-e6"/>
      </symbol>
      <symbol id="sm-845">
         <name>UARTModuleReset</name>
         <value>0x80001510</value>
         <object_component_ref idref="oc-e6"/>
      </symbol>
      <symbol id="sm-846">
         <name>UARTAutobaudParityGet</name>
         <value>0x80001dfc</value>
         <object_component_ref idref="oc-e6"/>
      </symbol>
      <symbol id="sm-847">
         <name>UARTTCRTLRBitValRestore</name>
         <value>0x80001174</value>
         <object_component_ref idref="oc-e6"/>
      </symbol>
      <symbol id="sm-848">
         <name>UARTIntIdentityGet</name>
         <value>0x800015fc</value>
         <object_component_ref idref="oc-e6"/>
      </symbol>
      <symbol id="sm-849">
         <name>UARTCharGetTimeout</name>
         <value>0x80001ce8</value>
         <object_component_ref idref="oc-e6"/>
      </symbol>
      <symbol id="sm-84a">
         <name>UARTEnhanFuncBitValRestore</name>
         <value>0x800018ec</value>
         <object_component_ref idref="oc-e6"/>
      </symbol>
      <symbol id="sm-84b">
         <name>UARTModemControlSet</name>
         <value>0x80001544</value>
         <object_component_ref idref="oc-e6"/>
      </symbol>
      <symbol id="sm-84c">
         <name>UARTSubConfigTCRTLRModeEn</name>
         <value>0x8000126c</value>
         <object_component_ref idref="oc-e6"/>
      </symbol>
      <symbol id="sm-84d">
         <name>UARTLoopbackModeControl</name>
         <value>0x80001574</value>
         <object_component_ref idref="oc-e6"/>
      </symbol>
      <symbol id="sm-84e">
         <name>UARTIdleModeConfigure</name>
         <value>0x80001720</value>
         <object_component_ref idref="oc-e6"/>
      </symbol>
      <symbol id="sm-84f">
         <name>UARTDivisorLatchEnable</name>
         <value>0x80001bb0</value>
         <object_component_ref idref="oc-e6"/>
      </symbol>
      <symbol id="sm-850">
         <name>UARTFIFOCharGet</name>
         <value>0x80001b64</value>
         <object_component_ref idref="oc-e6"/>
      </symbol>
      <symbol id="sm-851">
         <name>UARTFIFOWrite</name>
         <value>0x80001754</value>
         <object_component_ref idref="oc-e6"/>
      </symbol>
      <symbol id="sm-852">
         <name>UARTWakeUpEventsEnable</name>
         <value>0x800010b0</value>
         <object_component_ref idref="oc-e6"/>
      </symbol>
      <symbol id="sm-853">
         <name>UARTSpecialCharDetectControl</name>
         <value>0x8000135c</value>
         <object_component_ref idref="oc-e6"/>
      </symbol>
      <symbol id="sm-854">
         <name>UARTDivisorLatchWrite</name>
         <value>0x800017ac</value>
         <object_component_ref idref="oc-e6"/>
      </symbol>
      <symbol id="sm-855">
         <name>UARTWakeUpEventsDisable</name>
         <value>0x800010c4</value>
         <object_component_ref idref="oc-e6"/>
      </symbol>
      <symbol id="sm-856">
         <name>UARTScratchPadRegRead</name>
         <value>0x80001418</value>
         <object_component_ref idref="oc-e6"/>
      </symbol>
      <symbol id="sm-857">
         <name>UARTModuleVersionNumberGet</name>
         <value>0x80001504</value>
         <object_component_ref idref="oc-e6"/>
      </symbol>
      <symbol id="sm-858">
         <name>UARTRXCTSDSRWakeUpConfigure</name>
         <value>0x80001460</value>
         <object_component_ref idref="oc-e6"/>
      </symbol>
      <symbol id="sm-859">
         <name>UARTEnhanFuncEnable</name>
         <value>0x800018bc</value>
         <object_component_ref idref="oc-e6"/>
      </symbol>
      <symbol id="sm-85a">
         <name>UARTTxFIFOLevelGet</name>
         <value>0x80001100</value>
         <object_component_ref idref="oc-e6"/>
      </symbol>
      <symbol id="sm-85b">
         <name>UARTOperatingModeSelect</name>
         <value>0x800014d8</value>
         <object_component_ref idref="oc-e6"/>
      </symbol>
      <symbol id="sm-85c">
         <name>UARTXON2XOFF2ValProgram</name>
         <value>0x80001098</value>
         <object_component_ref idref="oc-e6"/>
      </symbol>
      <symbol id="sm-85d">
         <name>UARTLineCharacConfig</name>
         <value>0x80001594</value>
         <object_component_ref idref="oc-e6"/>
      </symbol>
      <symbol id="sm-85e">
         <name>UARTIntEnable</name>
         <value>0x80001620</value>
         <object_component_ref idref="oc-e6"/>
      </symbol>
      <symbol id="sm-85f">
         <name>UARTCharsAvail</name>
         <value>0x80001c58</value>
         <object_component_ref idref="oc-e6"/>
      </symbol>
      <symbol id="sm-860">
         <name>UARTRxFIFOLevelGet</name>
         <value>0x80001424</value>
         <object_component_ref idref="oc-e6"/>
      </symbol>
      <symbol id="sm-861">
         <name>UARTFlowCtrlTrigLvlConfig</name>
         <value>0x80001740</value>
         <object_component_ref idref="oc-e6"/>
      </symbol>
      <symbol id="sm-862">
         <name>UARTCharGetNonBlocking</name>
         <value>0x80001d34</value>
         <object_component_ref idref="oc-e6"/>
      </symbol>
      <symbol id="sm-863">
         <name>UARTDMACounterResetControl</name>
         <value>0x80001c38</value>
         <object_component_ref idref="oc-e6"/>
      </symbol>
      <symbol id="sm-864">
         <name>UARTModemStatusGet</name>
         <value>0x8000152c</value>
         <object_component_ref idref="oc-e6"/>
      </symbol>
      <symbol id="sm-865">
         <name>UARTAutoRTSAutoCTSControl</name>
         <value>0x80001e20</value>
         <object_component_ref idref="oc-e6"/>
      </symbol>
      <symbol id="sm-866">
         <name>UARTFIFORegisterWrite</name>
         <value>0x80001924</value>
         <object_component_ref idref="oc-e6"/>
      </symbol>
      <symbol id="sm-867">
         <name>UARTDSRInterruptControl</name>
         <value>0x80001bd0</value>
         <object_component_ref idref="oc-e6"/>
      </symbol>
      <symbol id="sm-868">
         <name>UARTIntDisable</name>
         <value>0x800016a4</value>
         <object_component_ref idref="oc-e6"/>
      </symbol>
      <symbol id="sm-869">
         <name>UARTCharPut</name>
         <value>0x80001cb8</value>
         <object_component_ref idref="oc-e6"/>
      </symbol>
      <symbol id="sm-86a">
         <name>UARTTxDMAThresholdControl</name>
         <value>0x80001154</value>
         <object_component_ref idref="oc-e6"/>
      </symbol>
      <symbol id="sm-86b">
         <name>UARTParityModeSet</name>
         <value>0x800014ac</value>
         <object_component_ref idref="oc-e6"/>
      </symbol>
      <symbol id="sm-86c">
         <name>UARTAutoIdleModeControl</name>
         <value>0x80001e6c</value>
         <object_component_ref idref="oc-e6"/>
      </symbol>
      <symbol id="sm-86d">
         <name>UARTRxErrorGet</name>
         <value>0x8000142c</value>
         <object_component_ref idref="oc-e6"/>
      </symbol>
      <symbol id="sm-86e">
         <name>UARTFIFOEnableStatusGet</name>
         <value>0x80001978</value>
         <object_component_ref idref="oc-e6"/>
      </symbol>
      <symbol id="sm-86f">
         <name>UARTXONAnyFeatureControl</name>
         <value>0x80001034</value>
         <object_component_ref idref="oc-e6"/>
      </symbol>
      <symbol id="sm-870">
         <name>UARTFIFOCharPut</name>
         <value>0x80001b5c</value>
         <object_component_ref idref="oc-e6"/>
      </symbol>
      <symbol id="sm-871">
         <name>UARTSubConfigMSRSPRModeEn</name>
         <value>0x800012e4</value>
         <object_component_ref idref="oc-e6"/>
      </symbol>
      <symbol id="sm-872">
         <name>UARTDMADisable</name>
         <value>0x80001c1c</value>
         <object_component_ref idref="oc-e6"/>
      </symbol>
      <symbol id="sm-873">
         <name>UARTTxFIFOFullStatusGet</name>
         <value>0x80001108</value>
         <object_component_ref idref="oc-e6"/>
      </symbol>
      <symbol id="sm-874">
         <name>UARTFIFOConfig</name>
         <value>0x800019a4</value>
         <object_component_ref idref="oc-e6"/>
      </symbol>
      <symbol id="sm-875">
         <name>UARTTxDMAThresholdValConfig</name>
         <value>0x80001134</value>
         <object_component_ref idref="oc-e6"/>
      </symbol>
      <symbol id="sm-876">
         <name>UARTWakeUpControl</name>
         <value>0x800010e0</value>
         <object_component_ref idref="oc-e6"/>
      </symbol>
      <symbol id="sm-877">
         <name>UARTResumeOperation</name>
         <value>0x80001450</value>
         <object_component_ref idref="oc-e6"/>
      </symbol>
      <symbol id="sm-878">
         <name>UARTRegConfModeRestore</name>
         <value>0x80001458</value>
         <object_component_ref idref="oc-e6"/>
      </symbol>
      <symbol id="sm-879">
         <name>UARTSpaceAvail</name>
         <value>0x80001394</value>
         <object_component_ref idref="oc-e6"/>
      </symbol>
      <symbol id="sm-87a">
         <name>UARTAutobaudSpeedGet</name>
         <value>0x80001dd8</value>
         <object_component_ref idref="oc-e6"/>
      </symbol>
      <symbol id="sm-87b">
         <name>UARTCharGet</name>
         <value>0x80001d64</value>
         <object_component_ref idref="oc-e6"/>
      </symbol>
      <symbol id="sm-87c">
         <name>UARTSoftwareFlowCtrlOptSet</name>
         <value>0x800013c0</value>
         <object_component_ref idref="oc-e6"/>
      </symbol>
      <symbol id="sm-87d">
         <name>UARTModemControlClear</name>
         <value>0x80001558</value>
         <object_component_ref idref="oc-e6"/>
      </symbol>
      <symbol id="sm-87e">
         <name>UARTRegConfigModeEnable</name>
         <value>0x80001000</value>
         <object_component_ref idref="oc-e6"/>
      </symbol>
      <symbol id="sm-87f">
         <name>UARTRXCTSDSRTransitionStatusGet</name>
         <value>0x80001480</value>
         <object_component_ref idref="oc-e6"/>
      </symbol>
      <symbol id="sm-880">
         <name>UARTTxEmptyIntControl</name>
         <value>0x80001114</value>
         <object_component_ref idref="oc-e6"/>
      </symbol>
      <symbol id="sm-881">
         <name>UARTParityModeGet</name>
         <value>0x800014cc</value>
         <object_component_ref idref="oc-e6"/>
      </symbol>
      <symbol id="sm-882">
         <name>UARTBreakCtl</name>
         <value>0x80001d94</value>
         <object_component_ref idref="oc-e6"/>
      </symbol>
      <symbol id="sm-883">
         <name>__TI_static_base__</name>
         <value>0x8000b2e0</value>
      </symbol>
      <symbol id="sm-884">
         <name>.TI.load_image</name>
         <value>0x200400</value>
      </symbol>
      <symbol id="sm-885">
         <name>SHT$$INIT_ARRAY$$Limit</name>
         <value>0x0</value>
      </symbol>
      <symbol id="sm-886">
         <name>SHT$$INIT_ARRAY$$Base</name>
         <value>0x0</value>
      </symbol>
      <symbol id="sm-887">
         <name>__TI_args_main</name>
         <value>0x1</value>
      </symbol>
      <symbol id="sm-893">
         <name>UARTInit</name>
         <value>0x80003994</value>
      </symbol>
      <symbol id="sm-894">
         <name>ConsoleUtilsInit</name>
         <value>0x80003994</value>
      </symbol>
      <symbol id="sm-895">
         <name>UARTStdioInit</name>
         <value>0x80003994</value>
      </symbol>
      <symbol id="sm-896">
         <name>UARTPutc</name>
         <value>0x800038d0</value>
      </symbol>
      <symbol id="sm-897">
         <name>UARTGetc</name>
         <value>0x800039b8</value>
      </symbol>
      <symbol id="sm-898">
         <name>IntMasterIRQEnable</name>
         <value>0x80003ef0</value>
      </symbol>
      <symbol id="sm-899">
         <name>IntMasterIRQDisable</name>
         <value>0x80003f00</value>
      </symbol>
      <symbol id="sm-89a">
         <name>IntMasterFIQEnable</name>
         <value>0x80003f10</value>
      </symbol>
      <symbol id="sm-89b">
         <name>IntMasterFIQDisable</name>
         <value>0x80003f20</value>
      </symbol>
      <symbol id="sm-89c">
         <name>IntMasterStatusGet</name>
         <value>0x80004054</value>
      </symbol>
   </symbol_table>
   <title>Link successful</title>
</link_info>
